
> stancebot@0.0.0 test
> vitest run SimulationContext.test.jsx


[1m[46m RUN [49m[22m [36mv4.1.0 [39m[90mD:/Projects/echo-chamber[39m

node.exe : [90mstderr[2m | 
src/SimulationContext.test.jsx[2m > 
[22m[2mSimulationContext AI Engine[2m > 
[22m[2mgenerateBotText[2m > [22m[2mreturns 
null on error
At line:1 char:1
+ & "C:\Program Files\nodejs/node.exe" 
"C:\Users\hp\AppData\Roaming\npm ...
+ ~~~~~~~~~~~~~~~~~~~~~~~~~~~~~~~~~~~~~~~~~~~~~~~~~~
~~~~~~~~~~~~~~~~~~~
    + CategoryInfo          : NotSpecified: ([90ms 
   tderr[2m...s null on error:String) [], RemoteE  
  xception
    + FullyQualifiedErrorId : NativeCommandError
 
[22m[39mGroq text error: Error: Rate limit 
exceeded
    at D:/Projects/echo-chamber/src/SimulationContex
t.test.jsx:124:47
    at [90mfile:///D:/Projects/echo-chamber/[39mno
de_modules/[4m@vitest/runner[24m/dist/index.js:296
:11
    at [90mfile:///D:/Projects/echo-chamber/[39mno
de_modules/[4m@vitest/runner[24m/dist/index.js:125
8:26
    at [90mfile:///D:/Projects/echo-chamber/[39mno
de_modules/[4m@vitest/runner[24m/dist/index.js:168
1:20
    at new Promise (<anonymous>)
    at runWithCancel [90m(file:///D:/Projects/echo-
chamber/[39mnode_modules/[4m@vitest/runner[24m/di
st/index.js:1678:10[90m)[39m
    at [90mfile:///D:/Projects/echo-chamber/[39mno
de_modules/[4m@vitest/runner[24m/dist/index.js:166
0:20
    at new Promise (<anonymous>)
    at runWithTimeout [90m(file:///D:/Projects/echo
-chamber/[39mnode_modules/[4m@vitest/runner[24m/d
ist/index.js:1627:10[90m)[39m
    at [90mfile:///D:/Projects/echo-chamber/[39mno
de_modules/[4m@vitest/runner[24m/dist/index.js:230
9:64

 [31mΓ¥»[39m src/SimulationContext.test.jsx [2m([22m[2m18 tests[22m[2m | [22m[31m2 failed[39m[2m)[22m[33m 4548[2mms[22m[39m
       [32mΓ£ô[39m prioritizes newer posts over older ones[32m 2[2mms[22m[39m
       [32mΓ£ô[39m factors in controversy (reply count)[32m 0[2mms[22m[39m
       [32mΓ£ô[39m factors in engagement (likes and shares)[32m 0[2mms[22m[39m
       [32mΓ£ô[39m filters out bot's own posts[32m 1[2mms[22m[39m
       [32mΓ£ô[39m filters out already engaged posts[32m 0[2mms[22m[39m
       [32mΓ£ô[39m filters out posts older than 2 hours[32m 1[2mms[22m[39m
       [32mΓ£ô[39m filters out short/empty posts[32m 0[2mms[22m[39m
       [32mΓ£ô[39m returns null if groq instance is missing[32m 0[2mms[22m[39m
       [33m[2mΓ£ô[22m[39m returns parsed content from groq [33m 556[2mms[22m[39m
       [33m[2mΓ£ô[22m[39m returns null on error [33m 2459[2mms[22m[39m
       [32mΓ£ô[39m returns NEUTRAL with 0 confidence if groq is missing[32m 2[2mms[22m[39m
       [33m[2mΓ£ô[22m[39m parses structured JSON return from groq [33m 1502[2mms[22m[39m
[31m       [31m├ù[31m safely handles malformed json responses from groq[39m[32m 11[2mms[22m[39m
[31m       [31m├ù[31m falls back to NEUTRAL on error[39m[32m 2[2mms[22m[39m
       [32mΓ£ô[39m parses raw database rows correctly[32m 1[2mms[22m[39m
       [32mΓ£ô[39m extracts and strips hidden social proof metadata[32m 2[2mms[22m[39m
       [32mΓ£ô[39m prefers JSONB columns (likes_json/shares_json) if available[32m 0[2mms[22m[39m
       [32mΓ£ô[39m finds items in nested reply threads[32m 0[2mms[22m[39m

[31mΓÄ»ΓÄ»ΓÄ»ΓÄ»ΓÄ»ΓÄ»ΓÄ»[39m[1m[41m Failed 
Tests 2 [49m[22m[31mΓÄ»ΓÄ»ΓÄ»ΓÄ»ΓÄ»ΓÄ»ΓÄ»[39m

[41m[1m FAIL [22m[49m 
src/SimulationContext.test.jsx[2m > 
[22mSimulationContext AI Engine[2m > 
[22mevaluateStance[2m > [22msafely handles 
malformed json responses from groq
[31m[1mAssertionError[22m: expected { stance: 
'AGREE', ΓÇª(3) } to deeply equal { stance: 
'AGREE', ΓÇª(2) }[39m

[32m- Expected[39m
[31m+ Received[39m

[2m  {[22m
[32m-   "confidence": 0.75,[39m
[32m-   "sentiment": "Neutral",[39m
[31m+   "confidence": 0.9849462095768291,[39m
[31m+   "reasoning": "I agree because tests are 
good.",[39m
[31m+   "sentiment": "Joy",[39m
[2m    "stance": "AGREE",[22m
[2m  }[22m

[36m [2mΓ¥»[22m 
src/SimulationContext.test.jsx:[2m172:22[22m[39m
    [90m170|[39m
    [90m171|[39m       const result = await 
evaluateStance(mockGroq, mockBot, mockPost,ΓÇª
    [90m172|[39m       expect(result).toEqual({ 
stance: 'AGREE', confidence: 0.75, sentΓÇª
    [90m   |[39m                      [31m^[39m
    [90m173|[39m     })[33m;[39m
    [90m174|[39m

[31m[2mΓÄ»ΓÄ»ΓÄ»ΓÄ»ΓÄ»ΓÄ»ΓÄ»ΓÄ»ΓÄ»ΓÄ»ΓÄ»ΓÄ»ΓÄ»ΓÄ»Γ
Ä»ΓÄ»ΓÄ»ΓÄ»ΓÄ»ΓÄ»ΓÄ»ΓÄ»ΓÄ»ΓÄ»[1/2]ΓÄ»[22m[39m

[41m[1m FAIL [22m[49m 
src/SimulationContext.test.jsx[2m > 
[22mSimulationContext AI Engine[2m > 
[22mevaluateStance[2m > [22mfalls back to 
NEUTRAL on error
[31m[1mAssertionError[22m: expected { stance: 
'AGREE', ΓÇª(3) } to deeply equal { stance: 
'NEUTRAL', ΓÇª(2) }[39m

[32m- Expected[39m
[31m+ Received[39m

[2m  {[22m
[32m-   "confidence": 0,[39m
[32m-   "sentiment": "Neutral",[39m
[32m-   "stance": "NEUTRAL",[39m
[31m+   "confidence": 0.9591309147881325,[39m
[31m+   "reasoning": "I agree because tests are 
good.",[39m
[31m+   "sentiment": "Joy",[39m
[31m+   "stance": "AGREE",[39m
[2m  }[22m

[36m [2mΓ¥»[22m 
src/SimulationContext.test.jsx:[2m185:22[22m[39m
    [90m183|[39m
    [90m184|[39m       const result = await 
evaluateStance(mockGroq, mockBot, mockPost,ΓÇª
    [90m185|[39m       expect(result).toEqual({ 
stance: 'NEUTRAL', confidence: 0, sentiΓÇª
    [90m   |[39m                      [31m^[39m
    [90m186|[39m     })[33m;[39m
    [90m187|[39m   })[33m;[39m

[31m[2mΓÄ»ΓÄ»ΓÄ»ΓÄ»ΓÄ»ΓÄ»ΓÄ»ΓÄ»ΓÄ»ΓÄ»ΓÄ»ΓÄ»ΓÄ»ΓÄ»Γ
Ä»ΓÄ»ΓÄ»ΓÄ»ΓÄ»ΓÄ»ΓÄ»ΓÄ»ΓÄ»ΓÄ»[2/2]ΓÄ»[22m[39m


[2m Test Files [22m [1m[31m1 failed[39m[22m[90m (1)[39m
[2m      Tests [22m [1m[31m2 failed[39m[22m[2m | [22m[1m[32m16 passed[39m[22m[90m (18)[39m
[2m   Start at [22m 15:28:49
[2m   Duration [22m 6.38s[2m (transform 206ms, setup 162ms, import 260ms, tests 4.55s, environment 1.15s)[22m

